2025-11-27 17:35:27,814 - INFO - 日志文件已创建: logs/kd_tuning_20251127_173527.log
2025-11-27 17:35:27,814 - INFO - ================================================================================
2025-11-27 17:35:27,814 - INFO - 知识蒸馏参数调优实验
2025-11-27 17:35:27,814 - INFO - ================================================================================
2025-11-27 17:35:27,814 - INFO - 基础配置:
2025-11-27 17:35:27,814 - INFO -   - Epoch数: 100
2025-11-27 17:35:27,814 - INFO -   - 批次大小: 128
2025-11-27 17:35:27,814 - INFO -   - 学习率: 0.1
2025-11-27 17:35:27,814 - INFO -   - 设备: cuda
2025-11-27 17:35:28,137 - INFO - 
测试参数组合:
2025-11-27 17:35:28,137 - INFO -   Temperature: [2.0, 3.0, 4.0, 5.0, 6.0]
2025-11-27 17:35:28,137 - INFO -   Alpha: [0.3, 0.5, 0.7, 0.9]
2025-11-27 17:35:28,137 - INFO -   总共 20 个实验
2025-11-27 17:35:28,137 - INFO - 
[1/20] 运行实验...
2025-11-27 17:35:28,137 - INFO - 
================================================================================
2025-11-27 17:35:28,137 - INFO - 实验配置: Temperature=2.0, Alpha=0.3, Epochs=100
2025-11-27 17:35:28,137 - INFO - ================================================================================
2025-11-27 17:49:16,665 - INFO - 结果: Teacher=91.78%, Student Best=92.80%, Improvement=1.02%
2025-11-27 17:49:16,671 - INFO - 
[2/20] 运行实验...
2025-11-27 17:49:16,672 - INFO - 
================================================================================
2025-11-27 17:49:16,672 - INFO - 实验配置: Temperature=2.0, Alpha=0.5, Epochs=100
2025-11-27 17:49:16,672 - INFO - ================================================================================
2025-11-27 18:03:06,866 - INFO - 结果: Teacher=91.75%, Student Best=92.78%, Improvement=1.03%
2025-11-27 18:03:06,881 - INFO - 
[3/20] 运行实验...
2025-11-27 18:03:06,882 - INFO - 
================================================================================
2025-11-27 18:03:06,882 - INFO - 实验配置: Temperature=2.0, Alpha=0.7, Epochs=100
2025-11-27 18:03:06,882 - INFO - ================================================================================
2025-11-27 18:16:56,009 - INFO - 结果: Teacher=91.95%, Student Best=92.45%, Improvement=0.50%
2025-11-27 18:16:56,020 - INFO - 
[4/20] 运行实验...
2025-11-27 18:16:56,021 - INFO - 
================================================================================
2025-11-27 18:16:56,021 - INFO - 实验配置: Temperature=2.0, Alpha=0.9, Epochs=100
2025-11-27 18:16:56,021 - INFO - ================================================================================
2025-11-27 18:30:43,253 - INFO - 结果: Teacher=92.43%, Student Best=92.26%, Improvement=-0.17%
2025-11-27 18:30:43,266 - INFO - 
[5/20] 运行实验...
2025-11-27 18:30:43,266 - INFO - 
================================================================================
2025-11-27 18:30:43,266 - INFO - 实验配置: Temperature=3.0, Alpha=0.3, Epochs=100
2025-11-27 18:30:43,266 - INFO - ================================================================================
2025-11-27 18:44:38,186 - INFO - 结果: Teacher=91.89%, Student Best=93.35%, Improvement=1.46%
2025-11-27 18:44:38,204 - INFO - 
[6/20] 运行实验...
2025-11-27 18:44:38,204 - INFO - 
================================================================================
2025-11-27 18:44:38,204 - INFO - 实验配置: Temperature=3.0, Alpha=0.5, Epochs=100
2025-11-27 18:44:38,204 - INFO - ================================================================================
2025-11-27 18:58:29,702 - INFO - 结果: Teacher=93.02%, Student Best=93.13%, Improvement=0.11%
2025-11-27 18:58:29,713 - INFO - 
[7/20] 运行实验...
2025-11-27 18:58:29,714 - INFO - 
================================================================================
2025-11-27 18:58:29,714 - INFO - 实验配置: Temperature=3.0, Alpha=0.7, Epochs=100
2025-11-27 18:58:29,714 - INFO - ================================================================================
2025-11-27 19:12:19,178 - INFO - 结果: Teacher=91.69%, Student Best=92.52%, Improvement=0.83%
2025-11-27 19:12:19,193 - INFO - 
[8/20] 运行实验...
2025-11-27 19:12:19,194 - INFO - 
================================================================================
2025-11-27 19:12:19,194 - INFO - 实验配置: Temperature=3.0, Alpha=0.9, Epochs=100
2025-11-27 19:12:19,194 - INFO - ================================================================================
2025-11-27 19:26:11,960 - INFO - 结果: Teacher=92.60%, Student Best=92.47%, Improvement=-0.13%
2025-11-27 19:26:11,977 - INFO - 
[9/20] 运行实验...
2025-11-27 19:26:11,977 - INFO - 
================================================================================
2025-11-27 19:26:11,977 - INFO - 实验配置: Temperature=4.0, Alpha=0.3, Epochs=100
2025-11-27 19:26:11,978 - INFO - ================================================================================
2025-11-27 19:40:02,842 - INFO - 结果: Teacher=92.37%, Student Best=93.04%, Improvement=0.67%
2025-11-27 19:40:02,850 - INFO - 
[10/20] 运行实验...
2025-11-27 19:40:02,850 - INFO - 
================================================================================
2025-11-27 19:40:02,850 - INFO - 实验配置: Temperature=4.0, Alpha=0.5, Epochs=100
2025-11-27 19:40:02,850 - INFO - ================================================================================
2025-11-27 19:53:54,625 - INFO - 结果: Teacher=92.03%, Student Best=93.31%, Improvement=1.28%
2025-11-27 19:53:54,633 - INFO - 
[11/20] 运行实验...
2025-11-27 19:53:54,634 - INFO - 
================================================================================
2025-11-27 19:53:54,634 - INFO - 实验配置: Temperature=4.0, Alpha=0.7, Epochs=100
2025-11-27 19:53:54,634 - INFO - ================================================================================
2025-11-27 20:07:49,472 - INFO - 结果: Teacher=92.28%, Student Best=92.93%, Improvement=0.65%
2025-11-27 20:07:49,485 - INFO - 
[12/20] 运行实验...
2025-11-27 20:07:49,485 - INFO - 
================================================================================
2025-11-27 20:07:49,485 - INFO - 实验配置: Temperature=4.0, Alpha=0.9, Epochs=100
2025-11-27 20:07:49,485 - INFO - ================================================================================
2025-11-27 20:21:52,153 - INFO - 结果: Teacher=92.47%, Student Best=92.41%, Improvement=-0.06%
2025-11-27 20:21:52,164 - INFO - 
[13/20] 运行实验...
2025-11-27 20:21:52,165 - INFO - 
================================================================================
2025-11-27 20:21:52,165 - INFO - 实验配置: Temperature=5.0, Alpha=0.3, Epochs=100
2025-11-27 20:21:52,165 - INFO - ================================================================================
2025-11-27 20:36:17,845 - INFO - 结果: Teacher=92.50%, Student Best=93.37%, Improvement=0.87%
2025-11-27 20:36:17,856 - INFO - 
[14/20] 运行实验...
2025-11-27 20:36:17,856 - INFO - 
================================================================================
2025-11-27 20:36:17,856 - INFO - 实验配置: Temperature=5.0, Alpha=0.5, Epochs=100
2025-11-27 20:36:17,856 - INFO - ================================================================================
2025-11-27 20:50:46,617 - INFO - 结果: Teacher=92.80%, Student Best=93.19%, Improvement=0.39%
2025-11-27 20:50:46,632 - INFO - 
[15/20] 运行实验...
2025-11-27 20:50:46,633 - INFO - 
================================================================================
2025-11-27 20:50:46,633 - INFO - 实验配置: Temperature=5.0, Alpha=0.7, Epochs=100
2025-11-27 20:50:46,633 - INFO - ================================================================================
2025-11-27 21:05:15,733 - INFO - 结果: Teacher=92.10%, Student Best=92.74%, Improvement=0.64%
2025-11-27 21:05:15,745 - INFO - 
[16/20] 运行实验...
2025-11-27 21:05:15,745 - INFO - 
================================================================================
2025-11-27 21:05:15,745 - INFO - 实验配置: Temperature=5.0, Alpha=0.9, Epochs=100
2025-11-27 21:05:15,745 - INFO - ================================================================================
2025-11-27 21:19:18,738 - INFO - 结果: Teacher=92.01%, Student Best=92.45%, Improvement=0.44%
2025-11-27 21:19:18,745 - INFO - 
[17/20] 运行实验...
2025-11-27 21:19:18,745 - INFO - 
================================================================================
2025-11-27 21:19:18,745 - INFO - 实验配置: Temperature=6.0, Alpha=0.3, Epochs=100
2025-11-27 21:19:18,745 - INFO - ================================================================================
2025-11-27 21:33:39,312 - INFO - 结果: Teacher=91.74%, Student Best=93.14%, Improvement=1.40%
2025-11-27 21:33:39,328 - INFO - 
[18/20] 运行实验...
2025-11-27 21:33:39,329 - INFO - 
================================================================================
2025-11-27 21:33:39,329 - INFO - 实验配置: Temperature=6.0, Alpha=0.5, Epochs=100
2025-11-27 21:33:39,329 - INFO - ================================================================================
2025-11-27 21:48:06,867 - INFO - 结果: Teacher=92.48%, Student Best=93.29%, Improvement=0.81%
2025-11-27 21:48:06,879 - INFO - 
[19/20] 运行实验...
2025-11-27 21:48:06,879 - INFO - 
================================================================================
2025-11-27 21:48:06,879 - INFO - 实验配置: Temperature=6.0, Alpha=0.7, Epochs=100
2025-11-27 21:48:06,879 - INFO - ================================================================================
2025-11-27 22:02:33,977 - INFO - 结果: Teacher=92.07%, Student Best=93.04%, Improvement=0.97%
2025-11-27 22:02:33,985 - INFO - 
[20/20] 运行实验...
2025-11-27 22:02:33,985 - INFO - 
================================================================================
2025-11-27 22:02:33,985 - INFO - 实验配置: Temperature=6.0, Alpha=0.9, Epochs=100
2025-11-27 22:02:33,985 - INFO - ================================================================================
2025-11-27 22:17:05,425 - INFO - 结果: Teacher=91.58%, Student Best=92.12%, Improvement=0.54%
2025-11-27 22:17:05,448 - INFO - 
================================================================================
2025-11-27 22:17:05,448 - INFO - 实验结果汇总
2025-11-27 22:17:05,448 - INFO - ================================================================================
2025-11-27 22:17:05,451 - INFO - 
 temperature  alpha  teacher_final_acc  student_best_acc  student_final_acc  improvement
         5.0    0.3              92.50             93.37              93.20         0.87
         3.0    0.3              91.89             93.35              93.21         1.46
         4.0    0.5              92.03             93.31              93.31         1.28
         6.0    0.5              92.48             93.29              93.26         0.81
         5.0    0.5              92.80             93.19              92.99         0.39
         6.0    0.3              91.74             93.14              93.04         1.40
         3.0    0.5              93.02             93.13              93.04         0.11
         4.0    0.3              92.37             93.04              92.97         0.67
         6.0    0.7              92.07             93.04              93.02         0.97
         4.0    0.7              92.28             92.93              92.77         0.65
         2.0    0.3              91.78             92.80              92.78         1.02
         2.0    0.5              91.75             92.78              92.78         1.03
         5.0    0.7              92.10             92.74              92.70         0.64
         3.0    0.7              91.69             92.52              92.43         0.83
         3.0    0.9              92.60             92.47              92.39        -0.13
         2.0    0.7              91.95             92.45              92.41         0.50
         5.0    0.9              92.01             92.45              92.40         0.44
         4.0    0.9              92.47             92.41              92.33        -0.06
         2.0    0.9              92.43             92.26              92.16        -0.17
         6.0    0.9              91.58             92.12              92.12         0.54
2025-11-27 22:17:05,451 - INFO - 
================================================================================
2025-11-27 22:17:05,451 - INFO - 最佳参数配置
2025-11-27 22:17:05,451 - INFO - ================================================================================
2025-11-27 22:17:05,451 - INFO - Temperature: 5.0
2025-11-27 22:17:05,451 - INFO - Alpha: 0.3
2025-11-27 22:17:05,451 - INFO - 教师模型最终准确率: 92.50%
2025-11-27 22:17:05,451 - INFO - 学生模型最佳准确率: 93.37%
2025-11-27 22:17:05,451 - INFO - 提升幅度: 0.87%
2025-11-27 22:17:05,454 - INFO - 结果已保存到: kd_tuning_results_20251127_221705.csv
2025-11-27 22:17:05,454 - INFO - 详细结果已保存到: kd_tuning_results_20251127_221705.json
2025-11-27 22:17:06,327 - INFO - 热力图已保存到: kd_tuning_heatmap_20251127_221705.png
2025-11-27 22:17:06,327 - INFO - 
================================================================================
2025-11-27 22:17:06,327 - INFO - 所有实验完成! 结束时间: 2025-11-27 22:17:06
2025-11-27 22:17:06,327 - INFO - ================================================================================
