2025-11-28 15:00:52,033 - INFO - 日志文件已创建: /home/ckx/KD_vs_FedAvg/03_non_iid_kd_tune/kd_non_iid_tuning_results/kd_tuning_noniid_20251128_150052.log
2025-11-28 15:00:52,033 - INFO - ================================================================================
2025-11-28 15:00:52,033 - INFO - 知识蒸馏参数调优实验 (Non-IID)
2025-11-28 15:00:52,033 - INFO - ================================================================================
2025-11-28 15:00:52,033 - INFO - 基础配置:
2025-11-28 15:00:52,033 - INFO -   设备: cuda
2025-11-28 15:00:52,033 - INFO -   Epoch数: 100
2025-11-28 15:00:52,033 - INFO -   批次大小: 128
2025-11-28 15:00:52,033 - INFO -   学习率: 0.1
2025-11-28 15:00:52,033 - INFO -   Dirichlet Alpha列表: [1.0, 0.5, 0.1]
2025-11-28 15:00:52,033 - INFO -   随机种子: 7000
2025-11-28 15:00:52,033 - INFO -   日志文件: /home/ckx/KD_vs_FedAvg/03_non_iid_kd_tune/kd_non_iid_tuning_results/kd_tuning_noniid_20251128_150052.log
2025-11-28 15:00:52,033 - INFO -   结果输出目录: /home/ckx/KD_vs_FedAvg/03_non_iid_kd_tune/kd_non_iid_tuning_results
2025-11-28 15:00:52,033 - INFO - 
参数网格:
2025-11-28 15:00:52,033 - INFO -   Temperature: [2.0, 3.0, 4.0, 5.0, 6.0]
2025-11-28 15:00:52,033 - INFO -   Alpha: [0.3, 0.5, 0.7, 0.9]
2025-11-28 15:00:52,033 - INFO -   Dirichlet Alpha: [1.0, 0.5, 0.1]
2025-11-28 15:00:52,033 - INFO -   总实验数: 60
2025-11-28 15:00:52,033 - INFO - ================================================================================
2025-11-28 15:00:52,033 - INFO - 
================================================================================
2025-11-28 15:00:52,033 - INFO - 实验配置: Temperature=2.0, Alpha=0.3, Dirichlet=1.0, Epochs=100
2025-11-28 15:00:52,033 - INFO - ================================================================================
2025-11-28 15:00:53,225 - INFO - 
====================================================================================================
Non-IID Data Distribution (Dirichlet α=1.0)
====================================================================================================

Client | Class0 | Class1 | Class2 | Class3 | Class4 | Class5 | Class6 | Class7 | Class8 | Class9 | Total
----------------------------------------------------------------------------------------------------
   1   |   4359 |   1549 |   3666 |   3826 |   2200 |   3377 |   3464 |   2359 |    200 |      0 |  25000
   2   |    641 |   3451 |   1334 |   1174 |   2800 |   1623 |   1536 |   2641 |   4800 |   5000 |  25000
----------------------------------------------------------------------------------------------------
 Total |   5000 |   5000 |   5000 |   5000 |   5000 |   5000 |   5000 |   5000 |   5000 |   5000 |  50000
====================================================================================================

Class Names:
  Class 0: airplane
  Class 1: automobile
  Class 2: bird
  Class 3: cat
  Class 4: deer
  Class 5: dog
  Class 6: frog
  Class 7: horse
  Class 8: ship
  Class 9: truck

Data Distribution Percentage:
----------------------------------------------------------------------------------------------------
Client | Class0 | Class1 | Class2 | Class3 | Class4 | Class5 | Class6 | Class7 | Class8 | Class9
----------------------------------------------------------------------------------------------------
   1   |  17.4% |   6.2% |  14.7% |  15.3% |   8.8% |  13.5% |  13.9% |   9.4% |   0.8% |   0.0%
   2   |   2.6% |  13.8% |   5.3% |   4.7% |  11.2% |   6.5% |   6.1% |  10.6% |  19.2% |  20.0%
====================================================================================================
