2025-11-29 14:41:53,596 - INFO - 日志文件已创建: comparison_outputs/compare_noniid_20251129_144153.log
2025-11-29 14:41:53,596 - INFO - ================================================================================
2025-11-29 14:41:53,596 - INFO - FedAvg vs KD 对比实验 (Non-IID) - 使用最佳参数
2025-11-29 14:41:53,596 - INFO - ================================================================================
2025-11-29 14:41:53,596 - INFO - 基础配置:
2025-11-29 14:41:53,596 - INFO -   设备: cuda
2025-11-29 14:41:53,596 - INFO -   Epoch数: 100
2025-11-29 14:41:53,596 - INFO -   批次大小: 128
2025-11-29 14:41:53,596 - INFO -   学习率: 0.1
2025-11-29 14:41:53,596 - INFO -   Dirichlet Alpha列表: [1.0, 0.5, 0.1]
2025-11-29 14:41:53,596 - INFO -   随机种子: 7000
2025-11-29 14:41:53,596 - INFO - 
每个Dirichlet Alpha的最佳KD参数:
2025-11-29 14:41:53,596 - INFO -   Dirichlet α=1.0: Temperature=2.0, KD α=0.3
2025-11-29 14:41:53,596 - INFO -   Dirichlet α=0.5: Temperature=6.0, KD α=0.3
2025-11-29 14:41:53,596 - INFO -   Dirichlet α=0.1: Temperature=5.0, KD α=0.3
2025-11-29 14:41:53,597 - INFO - 
================================================================================
2025-11-29 14:41:53,597 - INFO - 对比实验: Dirichlet Alpha=1.0, KD Alpha=0.3, Temperature=2.0
2025-11-29 14:41:53,597 - INFO - ================================================================================
2025-11-29 14:41:54,794 - INFO - 
====================================================================================================
Non-IID Data Distribution (Dirichlet α=1.0)
====================================================================================================

Client | Class0 | Class1 | Class2 | Class3 | Class4 | Class5 | Class6 | Class7 | Class8 | Class9 | Total
----------------------------------------------------------------------------------------------------
   1   |   4359 |   1549 |   3666 |   3826 |   2200 |   3377 |   3464 |   2359 |    200 |      0 |  25000
   2   |    641 |   3451 |   1334 |   1174 |   2800 |   1623 |   1536 |   2641 |   4800 |   5000 |  25000
----------------------------------------------------------------------------------------------------
 Total |   5000 |   5000 |   5000 |   5000 |   5000 |   5000 |   5000 |   5000 |   5000 |   5000 |  50000
====================================================================================================

Class Names:
  Class 0: airplane
  Class 1: automobile
  Class 2: bird
  Class 3: cat
  Class 4: deer
  Class 5: dog
  Class 6: frog
  Class 7: horse
  Class 8: ship
  Class 9: truck

Data Distribution Percentage:
----------------------------------------------------------------------------------------------------
Client | Class0 | Class1 | Class2 | Class3 | Class4 | Class5 | Class6 | Class7 | Class8 | Class9
----------------------------------------------------------------------------------------------------
   1   |  17.4% |   6.2% |  14.7% |  15.3% |   8.8% |  13.5% |  13.9% |   9.4% |   0.8% |   0.0%
   2   |   2.6% |  13.8% |   5.3% |   4.7% |  11.2% |   6.5% |   6.1% |  10.6% |  19.2% |  20.0%
====================================================================================================
2025-11-29 14:41:54,794 - INFO - 
开始训练 FedAvg
2025-11-29 14:53:49,387 - INFO - FedAvg - 最佳准确率: 93.64%, 最终准确率: 92.62%
2025-11-29 14:53:49,388 - INFO - 
开始训练 Knowledge Distillation
2025-11-29 15:08:23,901 - INFO - KD - Teacher最终准确率: 79.90%
2025-11-29 15:08:23,901 - INFO - KD - Student最佳准确率: 91.92%, 最终准确率: 91.77%
2025-11-29 15:08:23,901 - INFO - 
对比结果 (Alpha=0.3):
2025-11-29 15:08:23,901 - INFO -   FedAvg最佳准确率: 93.64%
2025-11-29 15:08:23,901 - INFO -   KD最佳准确率: 91.92%
2025-11-29 15:08:23,901 - INFO -   提升: -1.72%
2025-11-29 15:08:23,905 - INFO - 
================================================================================
2025-11-29 15:08:23,905 - INFO - 对比实验: Dirichlet Alpha=0.5, KD Alpha=0.3, Temperature=6.0
2025-11-29 15:08:23,905 - INFO - ================================================================================
2025-11-29 15:08:25,066 - INFO - 
====================================================================================================
Non-IID Data Distribution (Dirichlet α=0.5)
====================================================================================================

Client | Class0 | Class1 | Class2 | Class3 | Class4 | Class5 | Class6 | Class7 | Class8 | Class9 | Total
----------------------------------------------------------------------------------------------------
   1   |   1277 |   3417 |   3447 |    722 |   1017 |    468 |   4315 |    779 |   4558 |   5000 |  25000
   2   |   3723 |   1583 |   1553 |   4278 |   3983 |   4532 |    685 |   4221 |    442 |      0 |  25000
----------------------------------------------------------------------------------------------------
 Total |   5000 |   5000 |   5000 |   5000 |   5000 |   5000 |   5000 |   5000 |   5000 |   5000 |  50000
====================================================================================================

Class Names:
  Class 0: airplane
  Class 1: automobile
  Class 2: bird
  Class 3: cat
  Class 4: deer
  Class 5: dog
  Class 6: frog
  Class 7: horse
  Class 8: ship
  Class 9: truck

Data Distribution Percentage:
----------------------------------------------------------------------------------------------------
Client | Class0 | Class1 | Class2 | Class3 | Class4 | Class5 | Class6 | Class7 | Class8 | Class9
----------------------------------------------------------------------------------------------------
   1   |   5.1% |  13.7% |  13.8% |   2.9% |   4.1% |   1.9% |  17.3% |   3.1% |  18.2% |  20.0%
   2   |  14.9% |   6.3% |   6.2% |  17.1% |  15.9% |  18.1% |   2.7% |  16.9% |   1.8% |   0.0%
====================================================================================================
2025-11-29 15:08:25,067 - INFO - 
开始训练 FedAvg
2025-11-29 15:20:29,972 - INFO - FedAvg - 最佳准确率: 93.80%, 最终准确率: 93.74%
2025-11-29 15:20:29,973 - INFO - 
开始训练 Knowledge Distillation
2025-11-29 15:35:01,719 - INFO - KD - Teacher最终准确率: 87.98%
2025-11-29 15:35:01,719 - INFO - KD - Student最佳准确率: 91.20%, 最终准确率: 91.07%
2025-11-29 15:35:01,719 - INFO - 
对比结果 (Alpha=0.3):
2025-11-29 15:35:01,719 - INFO -   FedAvg最佳准确率: 93.80%
2025-11-29 15:35:01,719 - INFO -   KD最佳准确率: 91.20%
2025-11-29 15:35:01,719 - INFO -   提升: -2.60%
2025-11-29 15:35:01,726 - INFO - 
================================================================================
2025-11-29 15:35:01,726 - INFO - 对比实验: Dirichlet Alpha=0.1, KD Alpha=0.3, Temperature=5.0
2025-11-29 15:35:01,727 - INFO - ================================================================================
2025-11-29 15:35:02,923 - INFO - 
====================================================================================================
Non-IID Data Distribution (Dirichlet α=0.1)
====================================================================================================

Client | Class0 | Class1 | Class2 | Class3 | Class4 | Class5 | Class6 | Class7 | Class8 | Class9 | Total
----------------------------------------------------------------------------------------------------
   1   |   5000 |   4834 |   4909 |      2 |     45 |      0 |   4998 |     36 |   4996 |    180 |  25000
   2   |      0 |    166 |     91 |   4998 |   4955 |   5000 |      2 |   4964 |      4 |   4820 |  25000
----------------------------------------------------------------------------------------------------
 Total |   5000 |   5000 |   5000 |   5000 |   5000 |   5000 |   5000 |   5000 |   5000 |   5000 |  50000
====================================================================================================

Class Names:
  Class 0: airplane
  Class 1: automobile
  Class 2: bird
  Class 3: cat
  Class 4: deer
  Class 5: dog
  Class 6: frog
  Class 7: horse
  Class 8: ship
  Class 9: truck

Data Distribution Percentage:
----------------------------------------------------------------------------------------------------
Client | Class0 | Class1 | Class2 | Class3 | Class4 | Class5 | Class6 | Class7 | Class8 | Class9
----------------------------------------------------------------------------------------------------
   1   |  20.0% |  19.3% |  19.6% |   0.0% |   0.2% |   0.0% |  20.0% |   0.1% |  20.0% |   0.7%
   2   |   0.0% |   0.7% |   0.4% |  20.0% |  19.8% |  20.0% |   0.0% |  19.9% |   0.0% |  19.3%
====================================================================================================
2025-11-29 15:35:02,924 - INFO - 
开始训练 FedAvg
2025-11-29 15:46:31,670 - INFO - FedAvg - 最佳准确率: 78.75%, 最终准确率: 77.37%
2025-11-29 15:46:31,670 - INFO - 
开始训练 Knowledge Distillation
2025-11-29 16:00:26,781 - INFO - KD - Teacher最终准确率: 62.26%
2025-11-29 16:00:26,781 - INFO - KD - Student最佳准确率: 84.95%, 最终准确率: 83.85%
2025-11-29 16:00:26,781 - INFO - 
对比结果 (Alpha=0.3):
2025-11-29 16:00:26,781 - INFO -   FedAvg最佳准确率: 78.75%
2025-11-29 16:00:26,781 - INFO -   KD最佳准确率: 84.95%
2025-11-29 16:00:26,781 - INFO -   提升: +6.20%
2025-11-29 16:00:28,625 - INFO - 
实验完成
2025-11-29 16:00:28,625 - INFO - 最佳Dirichlet Alpha: 1.0
2025-11-29 16:00:28,625 - INFO - 最佳KD Alpha: 0.3
2025-11-29 16:00:28,625 - INFO - 最佳Temperature: 2.0
2025-11-29 16:00:28,625 - INFO - KD最佳准确率: 91.92%
2025-11-29 16:00:28,625 - INFO - 提升: -1.72%
