2025-11-27 16:58:00,037 - INFO - 日志文件已创建: logs/experiment_20251127_165800.log
2025-11-27 16:58:00,037 - INFO - ================================================================================
2025-11-27 16:58:00,037 - INFO - CIFAR-10 + ResNet18: 联邦平均 vs 知识蒸馏 对比实验
2025-11-27 16:58:00,037 - INFO - ================================================================================
2025-11-27 16:58:00,037 - INFO - 实验配置:
2025-11-27 16:58:00,037 - INFO -   - Epoch数: 100
2025-11-27 16:58:00,037 - INFO -   - 批次大小: 128
2025-11-27 16:58:00,037 - INFO -   - 学习率: 0.1
2025-11-27 16:58:00,037 - INFO -   - 设备: cuda
2025-11-27 16:58:00,037 - INFO -   - 知识蒸馏温度: 4.0
2025-11-27 16:58:00,037 - INFO -   - 知识蒸馏alpha: 0.7
2025-11-27 16:58:00,037 - INFO -   - 运行FedAvg: True
2025-11-27 16:58:00,037 - INFO -   - 运行KD: True
2025-11-27 16:58:00,369 - INFO - 实际使用设备: cuda
2025-11-27 16:58:00,369 - INFO - 
================================================================================
2025-11-27 16:58:00,369 - INFO - 实验1: 联邦平均 (FedAvg)
2025-11-27 16:58:00,369 - INFO - ================================================================================
2025-11-27 16:58:01,555 - INFO - 数据加载完成 - 训练集1: 196批次, 训练集2: 196批次, 测试集: 79批次
2025-11-27 17:09:32,190 - INFO - FedAvg训练完成 - 最佳测试准确率: 94.52%
2025-11-27 17:09:32,190 - INFO - 
================================================================================
2025-11-27 17:09:32,190 - INFO - 实验2: 知识蒸馏 (Knowledge Distillation)
2025-11-27 17:09:32,190 - INFO - ================================================================================
2025-11-27 17:09:33,363 - INFO - 数据加载完成 - 教师训练集: 196批次, 学生训练集: 196批次, 测试集: 79批次
2025-11-27 17:23:30,218 - INFO - KD训练完成 - 学生模型最佳准确率: 92.93%
2025-11-27 17:23:30,219 - INFO - 
================================================================================
2025-11-27 17:23:30,219 - INFO - 实验结果对比
2025-11-27 17:23:30,219 - INFO - ================================================================================
2025-11-27 17:23:30,219 - INFO - 联邦平均 (FedAvg):
2025-11-27 17:23:30,219 - INFO -   最佳测试准确率: 94.52%
2025-11-27 17:23:30,219 - INFO -   最终训练准确率: 99.98%
2025-11-27 17:23:30,219 - INFO -   最终测试准确率: 94.52%
2025-11-27 17:23:30,219 - INFO - 知识蒸馏 (KD):
2025-11-27 17:23:30,219 - INFO -   教师模型最终准确率: 92.46%
2025-11-27 17:23:30,219 - INFO -   学生模型最佳准确率: 92.93%
2025-11-27 17:23:30,219 - INFO -   学生模型最终训练准确率: 94.71%
2025-11-27 17:23:30,219 - INFO -   学生模型最终测试准确率: 92.87%
2025-11-27 17:23:30,219 - INFO - 
差异分析:
2025-11-27 17:23:30,219 - INFO -   知识蒸馏相比联邦平均: -1.59%
2025-11-27 17:23:30,219 - INFO -   ✓ 联邦平均效果更好!
2025-11-27 17:23:31,161 - INFO - 对比图已保存: comparison_plot.png
2025-11-27 17:23:31,163 - INFO - 实验结果已保存到: experiment_results.json
2025-11-27 17:23:31,163 - INFO - 
================================================================================
2025-11-27 17:23:31,163 - INFO - 实验完成! 结束时间: 2025-11-27 17:23:31
2025-11-27 17:23:31,163 - INFO - ================================================================================
2025-11-27 17:23:31,163 - INFO - 日志已保存到: logs/experiment_20251127_165800.log
